\BOOKMARK [0][-]{chapter*.6}{\376\377\000R\000e\000s\000u\000m\000e\000n}{}% 1
\BOOKMARK [0][-]{chapter*.7}{\376\377\000A\000b\000s\000t\000r\000a\000c\000t}{}% 2
\BOOKMARK [0][-]{section*.8}{\376\377\000\315\000n\000d\000i\000c\000e\000\040\000G\000e\000n\000e\000r\000a\000l}{}% 3
\BOOKMARK [0][-]{chapter*.10}{\376\377\000A\000b\000r\000e\000v\000i\000a\000t\000u\000r\000a\000s}{}% 4
\BOOKMARK [0][-]{section*.12}{\376\377\000\315\000n\000d\000i\000c\000e\000\040\000d\000e\000\040\000f\000i\000g\000u\000r\000a\000s}{}% 5
\BOOKMARK [0][-]{section*.14}{\376\377\000C\000a\000p\000\355\000t\000u\000l\000o\000\040\0001}{}% 6
\BOOKMARK [0][-]{chapter.1}{\376\377\000I\000n\000t\000r\000o\000d\000u\000c\000c\000i\000\363\000n}{}% 7
\BOOKMARK [1][-]{section.1.1}{\376\377\000D\000e\000s\000c\000r\000i\000p\000c\000i\000\363\000n\000\040\000d\000e\000l\000\040\000P\000r\000o\000b\000l\000e\000m\000a}{chapter.1}% 8
\BOOKMARK [1][-]{section.1.2}{\376\377\000J\000u\000s\000t\000i\000f\000i\000c\000a\000c\000i\000\363\000n\000\040\000d\000e\000l\000\040\000P\000r\000o\000b\000l\000e\000m\000a}{chapter.1}% 9
\BOOKMARK [1][-]{section.1.3}{\376\377\000O\000b\000j\000e\000t\000i\000v\000o\000s}{chapter.1}% 10
\BOOKMARK [2][-]{subsection.1.3.1}{\376\377\000O\000b\000j\000e\000t\000i\000v\000o\000\040\000G\000e\000n\000e\000r\000a\000l}{section.1.3}% 11
\BOOKMARK [2][-]{subsection.1.3.2}{\376\377\000O\000b\000j\000e\000t\000i\000v\000o\000s\000\040\000E\000s\000p\000e\000c\000\355\000f\000i\000c\000o\000s}{section.1.3}% 12
\BOOKMARK [1][-]{section.1.4}{\376\377\000M\000a\000r\000c\000o\000\040\000T\000e\000\363\000r\000i\000c\000o}{chapter.1}% 13
\BOOKMARK [0][-]{section*.15}{\376\377\000C\000a\000p\000\355\000t\000u\000l\000o\000\040\0002}{}% 14
\BOOKMARK [0][-]{chapter.2}{\376\377\000M\000e\000t\000o\000d\000o\000l\000o\000g\000\355\000a}{}% 15
\BOOKMARK [1][-]{section.2.1}{\376\377\000E\000n\000f\000o\000q\000u\000e\000\040\000d\000e\000l\000\040\000t\000r\000a\000b\000a\000j\000o}{chapter.2}% 16
\BOOKMARK [1][-]{section.2.2}{\376\377\000F\000u\000e\000n\000t\000e\000s\000\040\000d\000e\000\040\000d\000a\000t\000o\000s}{chapter.2}% 17
\BOOKMARK [2][-]{subsection.2.2.1}{\376\377\000E\000x\000t\000r\000a\000c\000t\000o\000s\000\040\000i\000n\000s\000t\000i\000t\000u\000c\000i\000o\000n\000a\000l\000e\000s}{section.2.2}% 18
\BOOKMARK [2][-]{subsection.2.2.2}{\376\377\000P\000o\000b\000l\000a\000c\000i\000\363\000n\000\040\000d\000e\000\040\000e\000s\000t\000u\000d\000i\000o}{section.2.2}% 19
\BOOKMARK [2][-]{subsection.2.2.3}{\376\377\000T\000r\000a\000t\000a\000m\000i\000e\000n\000t\000o\000\040\000d\000e\000\040\000l\000a\000\040\000i\000n\000f\000o\000r\000m\000a\000c\000i\000\363\000n\000\040\000p\000e\000r\000s\000o\000n\000a\000l}{section.2.2}% 20
\BOOKMARK [1][-]{section.2.3}{\376\377\000P\000r\000e\000p\000r\000o\000c\000e\000s\000a\000m\000i\000e\000n\000t\000o\000\040\000y\000\040\000r\000e\000g\000l\000a\000s\000\040\000d\000e\000\040\000n\000e\000g\000o\000c\000i\000o}{chapter.2}% 21
\BOOKMARK [2][-]{subsection.2.3.1}{\376\377\000L\000i\000m\000p\000i\000e\000z\000a\000\040\000d\000e\000\040\000c\000a\000d\000a\000\040\000f\000u\000e\000n\000t\000e}{section.2.3}% 22
\BOOKMARK [2][-]{subsection.2.3.2}{\376\377\000R\000e\000c\000o\000n\000s\000t\000r\000u\000c\000c\000i\000\363\000n\000\040\000d\000e\000\040\000l\000a\000\040\000t\000r\000a\000y\000e\000c\000t\000o\000r\000i\000a\000\040\000l\000a\000b\000o\000r\000a\000l}{section.2.3}% 23
\BOOKMARK [2][-]{subsection.2.3.3}{\376\377\000D\000e\000t\000e\000r\000m\000i\000n\000a\000c\000i\000\363\000n\000\040\000d\000e\000\040\000l\000a\000\040\000v\000i\000g\000e\000n\000c\000i\000a}{section.2.3}% 24
\BOOKMARK [1][-]{section.2.4}{\376\377\000R\000e\000p\000r\000e\000s\000e\000n\000t\000a\000c\000i\000\363\000n\000\040\000d\000e\000l\000\040\000p\000e\000r\000f\000i\000l\000\040\000m\000e\000d\000i\000a\000n\000t\000e\000\040\000e\000v\000i\000d\000e\000n\000c\000i\000a\000s}{chapter.2}% 25
\BOOKMARK [2][-]{subsection.2.4.1}{\376\377\000L\000a\000\040\000e\000v\000i\000d\000e\000n\000c\000i\000a\000\040\000c\000o\000m\000o\000\040\000u\000n\000i\000d\000a\000d\000\040\000d\000e\000\040\000a\000n\000\341\000l\000i\000s\000i\000s}{section.2.4}% 26
\BOOKMARK [2][-]{subsection.2.4.2}{\376\377\000T\000i\000p\000o\000s\000\040\000d\000e\000\040\000e\000v\000i\000d\000e\000n\000c\000i\000a}{section.2.4}% 27
\BOOKMARK [2][-]{subsection.2.4.3}{\376\377\000R\000e\000g\000l\000a\000s\000\040\000d\000e\000\040\000c\000o\000n\000s\000t\000r\000u\000c\000c\000i\000\363\000n}{section.2.4}% 28
\BOOKMARK [1][-]{section.2.5}{\376\377\000R\000e\000p\000r\000e\000s\000e\000n\000t\000a\000c\000i\000\363\000n\000\040\000s\000e\000m\000\341\000n\000t\000i\000c\000a\000\040\000d\000e\000l\000\040\000t\000e\000x\000t\000o}{chapter.2}% 29
\BOOKMARK [1][-]{section.2.6}{\376\377\000E\000v\000o\000l\000u\000c\000i\000\363\000n\000\040\000d\000e\000l\000\040\000e\000n\000f\000o\000q\000u\000e\000\040\000d\000e\000\040\000m\000o\000d\000e\000l\000a\000d\000o}{chapter.2}% 30
\BOOKMARK [1][-]{section.2.7}{\376\377\000M\000o\000d\000e\000l\000o\000\040\000d\000e\000\040\000p\000e\000r\000f\000i\000l\000a\000m\000i\000e\000n\000t\000o\000\040\000p\000o\000r\000\040\000d\000i\000m\000e\000n\000s\000i\000o\000n\000e\000s}{chapter.2}% 31
\BOOKMARK [2][-]{subsection.2.7.1}{\376\377\000D\000i\000m\000e\000n\000s\000i\000o\000n\000e\000s\000\040\000d\000e\000l\000\040\000p\000e\000r\000f\000i\000l}{section.2.7}% 32
\BOOKMARK [2][-]{subsection.2.7.2}{\376\377\000I\000n\000t\000e\000n\000s\000i\000d\000a\000d\000\040\000p\000o\000r\000\040\000d\000i\000m\000e\000n\000s\000i\000\363\000n}{section.2.7}% 33
\BOOKMARK [2][-]{subsection.2.7.3}{\376\377\000T\000e\000m\000a\000s\000\040\000d\000e\000n\000t\000r\000o\000\040\000d\000e\000\040\000c\000a\000d\000a\000\040\000d\000i\000m\000e\000n\000s\000i\000\363\000n}{section.2.7}% 34
\BOOKMARK [2][-]{subsection.2.7.4}{\376\377\000P\000a\000t\000r\000o\000n\000e\000s\000\040\000d\000e\000\040\000a\000c\000t\000i\000v\000i\000d\000a\000d\000\040\000d\000e\000n\000t\000r\000o\000\040\000d\000e\000\040\000c\000a\000d\000a\000\040\000d\000i\000m\000e\000n\000s\000i\000\363\000n}{section.2.7}% 35
\BOOKMARK [2][-]{subsection.2.7.5}{\376\377\000P\000e\000r\000f\000i\000l\000\040\000c\000o\000m\000p\000l\000e\000t\000o\000\040\000y\000\040\000p\000a\000t\000r\000o\000n\000e\000s\000\040\000g\000l\000o\000b\000a\000l\000e\000s}{section.2.7}% 36
\BOOKMARK [1][-]{section.2.8}{\376\377\000B\000\372\000s\000q\000u\000e\000d\000a\000\040\000s\000e\000m\000\341\000n\000t\000i\000c\000a\000\040\000d\000e\000\040\000p\000e\000r\000s\000o\000n\000a\000s}{chapter.2}% 37
\BOOKMARK [1][-]{section.2.9}{\376\377\000V\000a\000l\000i\000d\000a\000c\000i\000\363\000n}{chapter.2}% 38
\BOOKMARK [2][-]{subsection.2.9.1}{\376\377\000V\000a\000l\000i\000d\000a\000c\000i\000\363\000n\000\040\000c\000u\000a\000n\000t\000i\000t\000a\000t\000i\000v\000a\000\040\000d\000e\000\040\000l\000o\000s\000\040\000a\000g\000r\000u\000p\000a\000m\000i\000e\000n\000t\000o\000s}{section.2.9}% 39
\BOOKMARK [2][-]{subsection.2.9.2}{\376\377\000E\000v\000a\000l\000u\000a\000c\000i\000\363\000n\000\040\000d\000e\000l\000\040\000b\000u\000s\000c\000a\000d\000o\000r}{section.2.9}% 40
\BOOKMARK [2][-]{subsection.2.9.3}{\376\377\000P\000r\000u\000e\000b\000a\000s\000\040\000d\000e\000\040\000c\000o\000n\000s\000i\000s\000t\000e\000n\000c\000i\000a}{section.2.9}% 41
\BOOKMARK [2][-]{subsection.2.9.4}{\376\377\000V\000a\000l\000i\000d\000a\000c\000i\000\363\000n\000\040\000c\000u\000a\000l\000i\000t\000a\000t\000i\000v\000a}{section.2.9}% 42
\BOOKMARK [2][-]{subsection.2.9.5}{\376\377\000I\000n\000t\000e\000r\000p\000r\000e\000t\000a\000b\000i\000l\000i\000d\000a\000d}{section.2.9}% 43
\BOOKMARK [1][-]{section.2.10}{\376\377\000P\000r\000o\000t\000o\000t\000i\000p\000o}{chapter.2}% 44
\BOOKMARK [1][-]{section.2.11}{\376\377\000L\000i\000m\000i\000t\000a\000c\000i\000o\000n\000e\000s\000\040\000d\000e\000\040\000l\000a\000\040\000m\000e\000t\000o\000d\000o\000l\000o\000g\000\355\000a}{chapter.2}% 45
\BOOKMARK [0][-]{section*.22}{\376\377\000C\000a\000p\000\355\000t\000u\000l\000o\000\040\0003}{}% 46
\BOOKMARK [0][-]{section*.23}{\376\377\000C\000a\000p\000\355\000t\000u\000l\000o\000\040\0004}{}% 47
\BOOKMARK [0][-]{section*.24}{\376\377\000R\000e\000f\000e\000r\000e\000n\000c\000i\000a\000s}{}% 48
